// Jest Snapshot v1, https://goo.gl/fbAQLP

exports[`App works 1`] = `
<div
  className="App"
>
  <header
    className="App-header"
  >
    <h1>
      WookieBox
    </h1>
  </header>
  <section
    className="buttonContainer"
  >
    <NavLink
      className="nav"
      to="/people"
    >
      <input
        id="people"
        type="submit"
        value=""
      />
      <button
        type="submit"
      >
        People
      </button>
    </NavLink>
    <NavLink
      className="nav"
      to="/planets"
    >
      <input
        id="planets"
        type="submit"
        value=""
      />
      <button
        type="submit"
      >
        Planets
      </button>
    </NavLink>
    <NavLink
      className="nav"
      to="/vehicles"
    >
      <input
        id="vehicles"
        type="submit"
        value=""
      />
      <button
        type="submit"
      >
        Vehicles
      </button>
    </NavLink>
    <NavLink
      className="nav"
      to="/favorites"
    >
      <input
        id="favorites"
        type="submit"
        values=""
      />
      <button
        type="submit"
      >
        Favorites(
        0
        )
      </button>
    </NavLink>
  </section>
  <section>
    <Route
      exact={true}
      path="/"
      render={[Function]}
    />
    <Route
      path="/people"
      render={[Function]}
    />
    <Route
      path="/planets"
      render={[Function]}
    />
    <Route
      path="/vehicles"
      render={[Function]}
    />
    <Route
      path="/favorites"
      render={[Function]}
    />
  </section>
</div>
`;
